
> react-example@0.0.0 build
> vite build

[36mvite v5.4.21 [32mbuilding for production...[36m[39m
transforming...
[32mΓ£ô[39m 1787 modules transformed.
node.exe : [31mx[39m Build failed in 7.46s
En línea: 1 Carácter: 1
+ & "C:\Program Files\nodejs/node.exe" "C:\Program Files\nodejs/node_mo ...
+ ~~~~~~~~~~~~~~~~~~~~~~~~~~~~~~~~~~~~~~~~~~~~~~~~~~~~~~~~~~~~~~~~~~~~~
    + CategoryInfo          : NotSpecified: ([31mx[39m Build failed in 7.46s:Str 
   ing) [], RemoteException
    + FullyQualifiedErrorId : NativeCommandError
 
[31merror during build:
[31m[vite:esbuild] Transform failed with 1 error:
C:/Users/chito/Documents/Proyectos digitales/Encuentro J├│venes 
Coparmex/src/components/modules/Admin/TicketsTab.tsx:600:19: ERROR: Unterminated 
regular expression[31m
file: [36mC:/Users/chito/Documents/Proyectos digitales/Encuentro J├│venes 
Coparmex/src/components/modules/Admin/TicketsTab.tsx:600:19[31m
[33m
[33mUnterminated regular expression[33m
598|              </button>
599|            </div>
600|        </AdminModal>
   |                     ^
601|  
602|        {/* MODAL PARA CREAR CARNET MANUAL */}
[31m
    at failureErrorWithLog (C:\Users\chito\Documents\Proyectos digitales\Encuentro 
J├│venes Coparmex\node_modules\vite\node_modules\esbuild\lib\main.js:1472:15)
    at C:\Users\chito\Documents\Proyectos digitales\Encuentro J├│venes 
Coparmex\node_modules\vite\node_modules\esbuild\lib\main.js:755:50
    at responseCallbacks.<computed> (C:\Users\chito\Documents\Proyectos 
digitales\Encuentro J├│venes 
Coparmex\node_modules\vite\node_modules\esbuild\lib\main.js:622:9)
    at handleIncomingPacket (C:\Users\chito\Documents\Proyectos 
digitales\Encuentro J├│venes 
Coparmex\node_modules\vite\node_modules\esbuild\lib\main.js:677:12)
    at Socket.readFromStdout (C:\Users\chito\Documents\Proyectos 
digitales\Encuentro J├│venes 
Coparmex\node_modules\vite\node_modules\esbuild\lib\main.js:600:7)
    at Socket.emit (node:events:508:28)
    at addChunk (node:internal/streams/readable:559:12)
    at readableAddChunkPushByteMode (node:internal/streams/readable:510:3)
    at Readable.push (node:internal/streams/readable:390:5)
    at Pipe.onStreamRead (node:internal/stream_base_commons:189:23)[39m
